Copyright 1986-2021 Xilinx, Inc. All Rights Reserved.
----------------------------------------------------------------------------------------------------------------------------------------------------------------------------------------------------------------------------------------------------------------------------------------------------------------------------------------------------------------------------------------------------------------------------------------------------------------------------------------------------------------------------------------------------------------------------------------------------------------------------------------------------------------------------------------------------------------------------------
| Tool Version : Vivado v.2021.2 (lin64) Build 3367213 Tue Oct 19 02:47:39 MDT 2021
| Date         : Wed Oct 16 06:16:04 2024
| Host         : hacc-gpu0 running 64-bit Ubuntu 20.04.6 LTS
| Command      : report_accelerator_utilization -kernels { krnl_vaddmul:pfm_top_i/dynamic_region/krnl_vaddmul_1/inst:krnl_vaddmul_1 krnl_vaddmul:pfm_top_i/dynamic_region/krnl_vaddmul_2/inst:krnl_vaddmul_2 krnl_vaddmul:pfm_top_i/dynamic_region/krnl_vaddmul_3/inst:krnl_vaddmul_3 krnl_vaddmul:pfm_top_i/dynamic_region/krnl_vaddmul_4/inst:krnl_vaddmul_4 krnl_vaddmul:pfm_top_i/dynamic_region/krnl_vaddmul_5/inst:krnl_vaddmul_5 krnl_vaddmul:pfm_top_i/dynamic_region/krnl_vaddmul_6/inst:krnl_vaddmul_6 krnl_vaddmul:pfm_top_i/dynamic_region/krnl_vaddmul_7/inst:krnl_vaddmul_7 krnl_vaddmul:pfm_top_i/dynamic_region/krnl_vaddmul_8/inst:krnl_vaddmul_8} -file kernel_util_synthed.rpt -name kernel_util_synthed -json
| Design       : pfm_top_wrapper
| Device       : xcu280
| Design State : Synthesized
----------------------------------------------------------------------------------------------------------------------------------------------------------------------------------------------------------------------------------------------------------------------------------------------------------------------------------------------------------------------------------------------------------------------------------------------------------------------------------------------------------------------------------------------------------------------------------------------------------------------------------------------------------------------------------------------------------------------------------

Accelerator Utilization Design Information

Table of Contents
-----------------
1. System Utilization

1. System Utilization
---------------------

+---------------------+-------------------+------------------+-------------------+----------------+---------------+----------------+
| Name                | LUT               | LUTAsMem         | REG               | BRAM           | URAM          | DSP            |
+---------------------+-------------------+------------------+-------------------+----------------+---------------+----------------+
| Platform            |  221812 [ 17.03%] |  60331 [ 10.05%] |  359829 [ 13.80%] |  204 [ 10.12%] |   0 [  0.00%] |    4 [  0.04%] |
| User Budget         | 1080908 [100.00%] | 540149 [100.00%] | 2247531 [100.00%] | 1812 [100.00%] | 960 [100.00%] | 9020 [100.00%] |
|    Used Resources   |  281488 [ 26.04%] |  37864 [  7.01%] |  308264 [ 13.72%] |  488 [ 26.93%] |   0 [  0.00%] |  800 [  8.87%] |
|    Unused Resources |  799420 [ 73.96%] | 502285 [ 92.99%] | 1939267 [ 86.28%] | 1324 [ 73.07%] | 960 [100.00%] | 8220 [ 91.13%] |
| krnl_vaddmul        |  281488 [ 26.04%] |  37864 [  7.01%] |  308264 [ 13.72%] |  488 [ 26.93%] |   0 [  0.00%] |  800 [  8.87%] |
|    krnl_vaddmul_1   |   35186 [  3.26%] |   4733 [  0.88%] |   38533 [  1.71%] |   61 [  3.37%] |   0 [  0.00%] |  100 [  1.11%] |
|    krnl_vaddmul_2   |   35186 [  3.26%] |   4733 [  0.88%] |   38533 [  1.71%] |   61 [  3.37%] |   0 [  0.00%] |  100 [  1.11%] |
|    krnl_vaddmul_3   |   35186 [  3.26%] |   4733 [  0.88%] |   38533 [  1.71%] |   61 [  3.37%] |   0 [  0.00%] |  100 [  1.11%] |
|    krnl_vaddmul_4   |   35186 [  3.26%] |   4733 [  0.88%] |   38533 [  1.71%] |   61 [  3.37%] |   0 [  0.00%] |  100 [  1.11%] |
|    krnl_vaddmul_5   |   35186 [  3.26%] |   4733 [  0.88%] |   38533 [  1.71%] |   61 [  3.37%] |   0 [  0.00%] |  100 [  1.11%] |
|    krnl_vaddmul_6   |   35186 [  3.26%] |   4733 [  0.88%] |   38533 [  1.71%] |   61 [  3.37%] |   0 [  0.00%] |  100 [  1.11%] |
|    krnl_vaddmul_7   |   35186 [  3.26%] |   4733 [  0.88%] |   38533 [  1.71%] |   61 [  3.37%] |   0 [  0.00%] |  100 [  1.11%] |
|    krnl_vaddmul_8   |   35186 [  3.26%] |   4733 [  0.88%] |   38533 [  1.71%] |   61 [  3.37%] |   0 [  0.00%] |  100 [  1.11%] |
+---------------------+-------------------+------------------+-------------------+----------------+---------------+----------------+


