Copyright 1986-2021 Xilinx, Inc. All Rights Reserved.
--------------------------------------------------------------------------------------------------------------------------------------------------------------------------------------------------------------------------------------------------------------------------------------------------------------------------------------------------------------------------------------------------------------------------------------------------------------------------------------------------------------------------------------------------------------------------------------------------------------------------------------------------------------------------------------------------------------------------------
| Tool Version : Vivado v.2021.2 (lin64) Build 3367213 Tue Oct 19 02:47:39 MDT 2021
| Date         : Wed Oct 16 08:15:59 2024
| Host         : hacc-gpu0 running 64-bit Ubuntu 20.04.6 LTS
| Command      : report_accelerator_utilization -kernels { krnl_vaddmul:pfm_top_i/dynamic_region/krnl_vaddmul_1/inst:krnl_vaddmul_1 krnl_vaddmul:pfm_top_i/dynamic_region/krnl_vaddmul_2/inst:krnl_vaddmul_2 krnl_vaddmul:pfm_top_i/dynamic_region/krnl_vaddmul_3/inst:krnl_vaddmul_3 krnl_vaddmul:pfm_top_i/dynamic_region/krnl_vaddmul_4/inst:krnl_vaddmul_4 krnl_vaddmul:pfm_top_i/dynamic_region/krnl_vaddmul_5/inst:krnl_vaddmul_5 krnl_vaddmul:pfm_top_i/dynamic_region/krnl_vaddmul_6/inst:krnl_vaddmul_6 krnl_vaddmul:pfm_top_i/dynamic_region/krnl_vaddmul_7/inst:krnl_vaddmul_7 krnl_vaddmul:pfm_top_i/dynamic_region/krnl_vaddmul_8/inst:krnl_vaddmul_8} -file kernel_util_placed.rpt -name kernel_util_placed -json
| Design       : pfm_top_wrapper
| Device       : xcu280
| Design State : Fully Placed
--------------------------------------------------------------------------------------------------------------------------------------------------------------------------------------------------------------------------------------------------------------------------------------------------------------------------------------------------------------------------------------------------------------------------------------------------------------------------------------------------------------------------------------------------------------------------------------------------------------------------------------------------------------------------------------------------------------------------------

Accelerator Utilization Design Information

Table of Contents
-----------------
1. System Utilization

1. System Utilization
---------------------

+---------------------+-------------------+------------------+-------------------+----------------+---------------+----------------+
| Name                | LUT               | LUTAsMem         | REG               | BRAM           | URAM          | DSP            |
+---------------------+-------------------+------------------+-------------------+----------------+---------------+----------------+
| Platform            |  182115 [ 13.98%] |  46698 [  7.78%] |  297897 [ 11.43%] |  204 [ 10.12%] |   0 [  0.00%] |    4 [  0.04%] |
| User Budget         | 1120605 [100.00%] | 553782 [100.00%] | 2309463 [100.00%] | 1812 [100.00%] | 960 [100.00%] | 9020 [100.00%] |
|    Used Resources   |  256746 [ 22.91%] |  15968 [  2.88%] |  296672 [ 12.85%] |  488 [ 26.93%] |   0 [  0.00%] |  800 [  8.87%] |
|    Unused Resources |  863859 [ 77.09%] | 537814 [ 97.12%] | 2012791 [ 87.15%] | 1324 [ 73.07%] | 960 [100.00%] | 8220 [ 91.13%] |
| krnl_vaddmul        |  256746 [ 22.91%] |  15968 [  2.88%] |  296672 [ 12.85%] |  488 [ 26.93%] |   0 [  0.00%] |  800 [  8.87%] |
|    krnl_vaddmul_1   |   32120 [  2.87%] |   1996 [  0.36%] |   37110 [  1.61%] |   61 [  3.37%] |   0 [  0.00%] |  100 [  1.11%] |
|    krnl_vaddmul_2   |   32038 [  2.86%] |   1996 [  0.36%] |   37089 [  1.61%] |   61 [  3.37%] |   0 [  0.00%] |  100 [  1.11%] |
|    krnl_vaddmul_3   |   32181 [  2.87%] |   1996 [  0.36%] |   37215 [  1.61%] |   61 [  3.37%] |   0 [  0.00%] |  100 [  1.11%] |
|    krnl_vaddmul_4   |   32174 [  2.87%] |   1996 [  0.36%] |   37082 [  1.61%] |   61 [  3.37%] |   0 [  0.00%] |  100 [  1.11%] |
|    krnl_vaddmul_5   |   32148 [  2.87%] |   1996 [  0.36%] |   37041 [  1.60%] |   61 [  3.37%] |   0 [  0.00%] |  100 [  1.11%] |
|    krnl_vaddmul_6   |   32075 [  2.86%] |   1996 [  0.36%] |   37054 [  1.60%] |   61 [  3.37%] |   0 [  0.00%] |  100 [  1.11%] |
|    krnl_vaddmul_7   |   31908 [  2.85%] |   1996 [  0.36%] |   37030 [  1.60%] |   61 [  3.37%] |   0 [  0.00%] |  100 [  1.11%] |
|    krnl_vaddmul_8   |   32102 [  2.86%] |   1996 [  0.36%] |   37051 [  1.60%] |   61 [  3.37%] |   0 [  0.00%] |  100 [  1.11%] |
+---------------------+-------------------+------------------+-------------------+----------------+---------------+----------------+


