Copyright 1986-2021 Xilinx, Inc. All Rights Reserved.
--------------------------------------------------------------------------------------------------------------------------------------------------------------------------------------------------------------------------------------------------------------------------------------------------------------------------------------------------------------------------------------------------------------------------------------------------------------------------------------------------------------------------------------------------------------------------------------------------------------------------------------------------------------------------------------------------------------------------------
| Tool Version : Vivado v.2021.2 (lin64) Build 3367213 Tue Oct 19 02:47:39 MDT 2021
| Date         : Tue Oct 15 03:17:17 2024
| Host         : hacc-gpu0 running 64-bit Ubuntu 20.04.6 LTS
| Command      : report_accelerator_utilization -kernels { krnl_vaddmul:pfm_top_i/dynamic_region/krnl_vaddmul_1/inst:krnl_vaddmul_1 krnl_vaddmul:pfm_top_i/dynamic_region/krnl_vaddmul_2/inst:krnl_vaddmul_2 krnl_vaddmul:pfm_top_i/dynamic_region/krnl_vaddmul_3/inst:krnl_vaddmul_3 krnl_vaddmul:pfm_top_i/dynamic_region/krnl_vaddmul_4/inst:krnl_vaddmul_4 krnl_vaddmul:pfm_top_i/dynamic_region/krnl_vaddmul_5/inst:krnl_vaddmul_5 krnl_vaddmul:pfm_top_i/dynamic_region/krnl_vaddmul_6/inst:krnl_vaddmul_6 krnl_vaddmul:pfm_top_i/dynamic_region/krnl_vaddmul_7/inst:krnl_vaddmul_7 krnl_vaddmul:pfm_top_i/dynamic_region/krnl_vaddmul_8/inst:krnl_vaddmul_8} -file kernel_util_placed.rpt -name kernel_util_placed -json
| Design       : pfm_top_wrapper
| Device       : xcu280
| Design State : Fully Placed
--------------------------------------------------------------------------------------------------------------------------------------------------------------------------------------------------------------------------------------------------------------------------------------------------------------------------------------------------------------------------------------------------------------------------------------------------------------------------------------------------------------------------------------------------------------------------------------------------------------------------------------------------------------------------------------------------------------------------------

Accelerator Utilization Design Information

Table of Contents
-----------------
1. System Utilization

1. System Utilization
---------------------

+---------------------+-------------------+------------------+-------------------+----------------+---------------+----------------+
| Name                | LUT               | LUTAsMem         | REG               | BRAM           | URAM          | DSP            |
+---------------------+-------------------+------------------+-------------------+----------------+---------------+----------------+
| Platform            |  161713 [ 12.41%] |  29628 [  4.93%] |  255373 [  9.79%] |  204 [ 10.12%] |   0 [  0.00%] |    4 [  0.04%] |
| User Budget         | 1141007 [100.00%] | 570852 [100.00%] | 2351987 [100.00%] | 1812 [100.00%] | 960 [100.00%] | 9020 [100.00%] |
|    Used Resources   |  106178 [  9.31%] |  11792 [  2.07%] |  153031 [  6.51%] |  248 [ 13.69%] |   0 [  0.00%] |  304 [  3.37%] |
|    Unused Resources | 1034829 [ 90.69%] | 559060 [ 97.93%] | 2198956 [ 93.49%] | 1564 [ 86.31%] | 960 [100.00%] | 8716 [ 96.63%] |
| krnl_vaddmul        |  106178 [  9.31%] |  11792 [  2.07%] |  153031 [  6.51%] |  248 [ 13.69%] |   0 [  0.00%] |  304 [  3.37%] |
|    krnl_vaddmul_1   |   13303 [  1.17%] |   1474 [  0.26%] |   19200 [  0.82%] |   31 [  1.71%] |   0 [  0.00%] |   38 [  0.42%] |
|    krnl_vaddmul_2   |   13293 [  1.17%] |   1474 [  0.26%] |   19415 [  0.83%] |   31 [  1.71%] |   0 [  0.00%] |   38 [  0.42%] |
|    krnl_vaddmul_3   |   13229 [  1.16%] |   1474 [  0.26%] |   19007 [  0.81%] |   31 [  1.71%] |   0 [  0.00%] |   38 [  0.42%] |
|    krnl_vaddmul_4   |   13279 [  1.16%] |   1474 [  0.26%] |   18981 [  0.81%] |   31 [  1.71%] |   0 [  0.00%] |   38 [  0.42%] |
|    krnl_vaddmul_5   |   13338 [  1.17%] |   1474 [  0.26%] |   19473 [  0.83%] |   31 [  1.71%] |   0 [  0.00%] |   38 [  0.42%] |
|    krnl_vaddmul_6   |   13215 [  1.16%] |   1474 [  0.26%] |   19016 [  0.81%] |   31 [  1.71%] |   0 [  0.00%] |   38 [  0.42%] |
|    krnl_vaddmul_7   |   13303 [  1.17%] |   1474 [  0.26%] |   18983 [  0.81%] |   31 [  1.71%] |   0 [  0.00%] |   38 [  0.42%] |
|    krnl_vaddmul_8   |   13218 [  1.16%] |   1474 [  0.26%] |   18956 [  0.81%] |   31 [  1.71%] |   0 [  0.00%] |   38 [  0.42%] |
+---------------------+-------------------+------------------+-------------------+----------------+---------------+----------------+


